[debug] [2026-09-27T17:46:43.108Z] ----------------------------------------------------------------------
[debug] [2026-09-27T17:46:43.109Z] Command:       C:\Program Files\nodejs\node.exe C:\Users\MN20\AppData\Roaming\npm\node_modules\firebase-tools\lib\bin\firebase.js deploy --only functions
[debug] [2026-09-27T17:46:43.109Z] CLI Version:   15.30.1
[debug] [2026-09-27T17:46:43.109Z] Platform:      win32
[debug] [2026-09-27T17:46:43.109Z] Node Version:  v24.19.0
[debug] [2026-09-27T17:46:43.109Z] Detected Agent: unknown
[debug] [2026-09-27T17:46:43.109Z] Time:          Sun Sep 27 2026 21:46:43 GMT+0400 (Gulf Standard Time)
[debug] [2026-09-27T17:46:43.109Z] ----------------------------------------------------------------------
[debug] 
[debug] [2026-09-27T17:46:43.116Z] >>> [apiv2][query] GET https://firebase-public.firebaseio.com/cli.json [none]
[debug] [2026-09-27T17:46:53.868Z] > command requires scopes: ["email","openid","https://www.googleapis.com/auth/cloudplatformprojects.readonly","https://www.googleapis.com/auth/firebase","https://www.googleapis.com/auth/cloud-platform"]
[debug] [2026-09-27T17:46:53.868Z] > authorizing via signed-in user (crmmalabar@gmail.com)
[debug] [2026-09-27T17:46:53.868Z] [iam] checking project mtc-sync for permissions ["cloudfunctions.functions.create","cloudfunctions.functions.delete","cloudfunctions.functions.get","cloudfunctions.functions.list","cloudfunctions.functions.update","cloudfunctions.operations.get","firebase.projects.get"]
[debug] [2026-09-27T17:46:53.869Z] Checked if tokens are valid: false, expires at: 1790028069457
[debug] [2026-09-27T17:46:53.869Z] Checked if tokens are valid: false, expires at: 1790028069457
[debug] [2026-09-27T17:46:53.869Z] > refreshing access token with scopes: []
[debug] [2026-09-27T17:46:53.870Z] >>> [apiv2][query] POST https://www.googleapis.com/oauth2/v3/token [none]
[debug] [2026-09-27T17:46:53.870Z] >>> [apiv2][body] POST https://www.googleapis.com/oauth2/v3/token [omitted]
[debug] [2026-09-27T17:46:54.275Z] <<< [apiv2][status] POST https://www.googleapis.com/oauth2/v3/token 200
[debug] [2026-09-27T17:46:54.275Z] <<< [apiv2][body] POST https://www.googleapis.com/oauth2/v3/token [omitted]
[debug] [2026-09-27T17:46:54.280Z] >>> [apiv2][query] POST https://cloudresourcemanager.googleapis.com/v1/projects/mtc-sync:testIamPermissions [none]
[debug] [2026-09-27T17:46:54.280Z] >>> [apiv2][(partial)header] POST https://cloudresourcemanager.googleapis.com/v1/projects/mtc-sync:testIamPermissions  x-goog-user-project=mtc-sync
[debug] [2026-09-27T17:46:54.280Z] >>> [apiv2][body] POST https://cloudresourcemanager.googleapis.com/v1/projects/mtc-sync:testIamPermissions {"permissions":["cloudfunctions.functions.create","cloudfunctions.functions.delete","cloudfunctions.functions.get","cloudfunctions.functions.list","cloudfunctions.functions.update","cloudfunctions.operations.get","firebase.projects.get"]}
[debug] [2026-09-27T17:46:55.240Z] <<< [apiv2][status] GET https://firebase-public.firebaseio.com/cli.json 200
[debug] [2026-09-27T17:46:55.240Z] <<< [apiv2][body] GET https://firebase-public.firebaseio.com/cli.json {"cloudBuildErrorAfter":1594252800000,"cloudBuildWarnAfter":1590019200000,"defaultNode10After":1594252800000,"minVersion":"3.0.5","node8DeploysDisabledAfter":1613390400000,"node8RuntimeDisabledAfter":1615809600000,"node8WarnAfter":1600128000000}
[debug] [2026-09-27T17:46:55.824Z] <<< [apiv2][status] POST https://cloudresourcemanager.googleapis.com/v1/projects/mtc-sync:testIamPermissions 200
[debug] [2026-09-27T17:46:55.824Z] <<< [apiv2][body] POST https://cloudresourcemanager.googleapis.com/v1/projects/mtc-sync:testIamPermissions {"permissions":["cloudfunctions.functions.create","cloudfunctions.functions.delete","cloudfunctions.functions.get","cloudfunctions.functions.list","cloudfunctions.functions.update","cloudfunctions.operations.get","firebase.projects.get"]}
[debug] [2026-09-27T17:46:55.824Z] Checked if tokens are valid: true, expires at: 1790534813275
[debug] [2026-09-27T17:46:55.824Z] Checked if tokens are valid: true, expires at: 1790534813275
[debug] [2026-09-27T17:46:55.824Z] >>> [apiv2][query] POST https://iam.googleapis.com/v1/projects/mtc-sync/serviceAccounts/mtc-sync@appspot.gserviceaccount.com:testIamPermissions [none]
[debug] [2026-09-27T17:46:55.824Z] >>> [apiv2][body] POST https://iam.googleapis.com/v1/projects/mtc-sync/serviceAccounts/mtc-sync@appspot.gserviceaccount.com:testIamPermissions {"permissions":["iam.serviceAccounts.actAs"]}
[debug] [2026-09-27T17:46:57.456Z] <<< [apiv2][status] POST https://iam.googleapis.com/v1/projects/mtc-sync/serviceAccounts/mtc-sync@appspot.gserviceaccount.com:testIamPermissions 200
[debug] [2026-09-27T17:46:57.457Z] <<< [apiv2][body] POST https://iam.googleapis.com/v1/projects/mtc-sync/serviceAccounts/mtc-sync@appspot.gserviceaccount.com:testIamPermissions {"permissions":["iam.serviceAccounts.actAs"]}
[info] 
[info] === Deploying to 'mtc-sync'...
[info] 
[info] i  deploying functions 
[info] +  functions: Finished running predeploy script. 
[debug] [2026-09-27T17:46:57.460Z] Checked if tokens are valid: true, expires at: 1790534813275
[debug] [2026-09-27T17:46:57.460Z] Checked if tokens are valid: true, expires at: 1790534813275
[debug] [2026-09-27T17:46:57.460Z] >>> [apiv2][query] GET https://cloudresourcemanager.googleapis.com/v1/projects/mtc-sync [none]
[debug] [2026-09-27T17:46:57.767Z] <<< [apiv2][status] GET https://cloudresourcemanager.googleapis.com/v1/projects/mtc-sync 200
[debug] [2026-09-27T17:46:57.768Z] <<< [apiv2][body] GET https://cloudresourcemanager.googleapis.com/v1/projects/mtc-sync {"projectNumber":"1502033749","projectId":"mtc-sync","lifecycleState":"ACTIVE","name":"MTC SYNC","labels":{"firebase":"enabled","firebase-core":"disabled"},"createTime":"2025-05-18T07:06:42.686009Z"}
[info] i  functions: preparing codebase default for deployment 
[info] i  functions: ensuring required API cloudfunctions.googleapis.com is enabled... 
[info] i  functions: ensuring required API cloudbuild.googleapis.com is enabled... 
[info] i  artifactregistry: ensuring required API artifactregistry.googleapis.com is enabled... 
[debug] [2026-09-27T17:46:57.770Z] Checked if tokens are valid: true, expires at: 1790534813275
[debug] [2026-09-27T17:46:57.770Z] Checked if tokens are valid: true, expires at: 1790534813275
[debug] [2026-09-27T17:46:57.770Z] >>> [apiv2][query] GET https://firebase.googleapis.com/v1beta1/projects/mtc-sync/adminSdkConfig [none]
[debug] [2026-09-27T17:46:58.808Z] <<< [apiv2][status] GET https://firebase.googleapis.com/v1beta1/projects/mtc-sync/adminSdkConfig 200
[debug] [2026-09-27T17:46:58.808Z] <<< [apiv2][body] GET https://firebase.googleapis.com/v1beta1/projects/mtc-sync/adminSdkConfig {"projectId":"mtc-sync","storageBucket":"mtc-sync.firebasestorage.app"}
[debug] [2026-09-27T17:46:58.808Z] Checked if tokens are valid: true, expires at: 1790534813275
[debug] [2026-09-27T17:46:58.808Z] Checked if tokens are valid: true, expires at: 1790534813275
[debug] [2026-09-27T17:46:58.808Z] >>> [apiv2][query] GET https://runtimeconfig.googleapis.com/v1beta1/projects/mtc-sync/configs [none]
[debug] [2026-09-27T17:46:59.864Z] <<< [apiv2][status] GET https://runtimeconfig.googleapis.com/v1beta1/projects/mtc-sync/configs 200
[debug] [2026-09-27T17:46:59.864Z] <<< [apiv2][body] GET https://runtimeconfig.googleapis.com/v1beta1/projects/mtc-sync/configs {}
[debug] [2026-09-27T17:46:59.865Z] Validating nodejs source
[warn] !  functions: package.json indicates an outdated version of firebase-functions. Please upgrade using npm install --save firebase-functions@latest in your functions directory. 
[debug] [2026-09-27T17:47:00.861Z] > [functions] package.json contents: {
  "dependencies": {
    "exceljs": "^4.4.0",
    "firebase-admin": "^13.6.0",
    "firebase-functions": "^7.3.2",
    "moment-timezone": "^0.6.0",
    "nodemailer": "^7.0.10"
  },
  "engines": {
    "node": "22"
  },
  "devDependencies": {
    "firebase-tools": "^15.22.4"
  }
}
[debug] [2026-09-27T17:47:00.861Z] Building nodejs source
[info] i  functions: Loading and analyzing source code for codebase default to determine what to deploy 
[debug] [2026-09-27T17:47:00.862Z] Could not find functions.yaml. Must use http discovery
[debug] [2026-09-27T17:47:00.868Z] Found firebase-functions binary at 'C:\Users\MN20\Desktop\MTCSYNC\functions\node_modules\.bin\firebase-functions'
[info] Serving at port 8946

[debug] [2026-09-27T17:47:06.619Z] Got response from /__/functions.yaml {"endpoints":{"deleteUserFromAuth":{"availableMemoryMb":null,"timeoutSeconds":null,"minInstances":null,"maxInstances":null,"ingressSettings":null,"concurrency":null,"serviceAccountEmail":null,"vpc":null,"platform":"gcfv2","region":["asia-south1"],"labels":{},"callableTrigger":{},"entryPoint":"deleteUserFromAuth"},"sendDailyTodoReport":{"availableMemoryMb":null,"timeoutSeconds":null,"minInstances":null,"maxInstances":null,"ingressSettings":null,"concurrency":null,"serviceAccountEmail":null,"vpc":null,"platform":"gcfv2","region":["asia-south1"],"labels":{},"scheduleTrigger":{"schedule":"1 12 * * *","retryConfig":{},"timeZone":"Asia/Kolkata"},"entryPoint":"sendDailyTodoReport"},"resetCustomerTargetsMonthly":{"availableMemoryMb":null,"timeoutSeconds":null,"minInstances":null,"maxInstances":null,"ingressSettings":null,"concurrency":null,"serviceAccountEmail":null,"vpc":null,"platform":"gcfv2","region":["asia-south1"],"labels":{},"scheduleTrigger":{"schedule":"1 0 1 * *","retryConfig":{},"timeZone":"Asia/Kolkata"},"entryPoint":"resetCustomerTargetsMonthly"},"sendLeadAssignmentNotification":{"availableMemoryMb":null,"timeoutSeconds":null,"minInstances":null,"maxInstances":null,"ingressSettings":null,"concurrency":null,"serviceAccountEmail":null,"vpc":null,"platform":"gcfv2","region":["asia-south1"],"labels":{},"callableTrigger":{},"entryPoint":"sendLeadAssignmentNotification"}},"specVersion":"v1alpha1","requiredAPIs":[{"api":"cloudscheduler.googleapis.com","reason":"Needed for scheduled functions."}],"extensions":{}}
[debug] [2026-09-27T17:47:09.652Z] Checked if tokens are valid: true, expires at: 1790534813275
[debug] [2026-09-27T17:47:09.652Z] Checked if tokens are valid: true, expires at: 1790534813275
[debug] [2026-09-27T17:47:09.652Z] >>> [apiv2][query] GET https://cloudfunctions.googleapis.com/v1/projects/mtc-sync/locations/-/functions [none]
[debug] [2026-09-27T17:47:10.733Z] <<< [apiv2][status] GET https://cloudfunctions.googleapis.com/v1/projects/mtc-sync/locations/-/functions 200
[debug] [2026-09-27T17:47:10.733Z] <<< [apiv2][body] GET https://cloudfunctions.googleapis.com/v1/projects/mtc-sync/locations/-/functions {}
[debug] [2026-09-27T17:47:10.734Z] Checked if tokens are valid: true, expires at: 1790534813275
[debug] [2026-09-27T17:47:10.734Z] Checked if tokens are valid: true, expires at: 1790534813275
[debug] [2026-09-27T17:47:10.734Z] >>> [apiv2][query] GET https://cloudfunctions.googleapis.com/v2/projects/mtc-sync/locations/-/functions filter=environment%3D%22GEN_2%22
[debug] [2026-09-27T17:47:11.977Z] <<< [apiv2][status] GET https://cloudfunctions.googleapis.com/v2/projects/mtc-sync/locations/-/functions 200
[debug] [2026-09-27T17:47:11.977Z] <<< [apiv2][body] GET https://cloudfunctions.googleapis.com/v2/projects/mtc-sync/locations/-/functions {"functions":[{"name":"projects/mtc-sync/locations/asia-south1/functions/deleteUserFromAuth","buildConfig":{"build":"projects/1502033749/locations/asia-south1/builds/5a690d7e-6972-48ce-ad8b-1a036b67f935","runtime":"nodejs22","entryPoint":"deleteUserFromAuth","source":{"storageSource":{"bucket":"gcf-v2-sources-1502033749-asia-south1","object":"deleteUserFromAuth/function-source.zip","generation":"1788938733621992"}},"environmentVariables":{"GOOGLE_NODE_RUN_SCRIPTS":""},"dockerRepository":"projects/mtc-sync/locations/asia-south1/repositories/gcf-artifacts","sourceProvenance":{"resolvedStorageSource":{"bucket":"gcf-v2-sources-1502033749-asia-south1","object":"deleteUserFromAuth/function-source.zip","generation":"1788938733621992"}},"dockerRegistry":"ARTIFACT_REGISTRY","serviceAccount":"projects/mtc-sync/serviceAccounts/1502033749-compute@developer.gserviceaccount.com","automaticUpdatePolicy":{}},"serviceConfig":{"service":"projects/mtc-sync/locations/asia-south1/services/deleteuserfromauth","timeoutSeconds":60,"environmentVariables":{"FIREBASE_CONFIG":"{\"projectId\":\"mtc-sync\",\"storageBucket\":\"mtc-sync.firebasestorage.app\"}","GCLOUD_PROJECT":"mtc-sync","EVENTARC_CLOUD_EVENT_SOURCE":"projects/mtc-sync/locations/asia-south1/services/deleteUserFromAuth","FUNCTION_TARGET":"deleteUserFromAuth","LOG_EXECUTION_ID":"true","FUNCTION_SIGNATURE_TYPE":"http","FUNCTION_REGION":"asia-south1"},"maxInstanceCount":20,"ingressSettings":"ALLOW_ALL","uri":"https://deleteuserfromauth-dsuajo6hsa-el.a.run.app","serviceAccountEmail":"1502033749-compute@developer.gserviceaccount.com","availableMemory":"256Mi","allTrafficOnLatestRevision":true,"revision":"deleteuserfromauth-00016-pag","maxInstanceRequestConcurrency":80,"availableCpu":"1"},"state":"ACTIVE","updateTime":"2026-09-09T07:26:26.877640466Z","labels":{"deployment-tool":"cli-firebase","deployment-callable":"true","firebase-functions-hash":"fa25c43272afad05fc0bb097167a31eaaf2237e6"},"environment":"GEN_2","url":"https://asia-south1-mtc-sync.cloudfunctions.net/deleteUserFromAuth","satisfiesPzs":true,"createTime":"2025-11-15T06:04:23.456577667Z","satisfiesPzi":true},{"name":"projects/mtc-sync/locations/asia-south1/functions/sendDailyTodoReport","buildConfig":{"build":"projects/1502033749/locations/asia-south1/builds/87ce43c5-22de-4c62-8915-49d4ea6af897","runtime":"nodejs22","entryPoint":"sendDailyTodoReport","source":{"storageSource":{"bucket":"gcf-v2-sources-1502033749-asia-south1","object":"sendDailyTodoReport/function-source.zip","generation":"1789678408855115"}},"environmentVariables":{"GOOGLE_NODE_RUN_SCRIPTS":""},"dockerRepository":"projects/mtc-sync/locations/asia-south1/repositories/gcf-artifacts","sourceProvenance":{"resolvedStorageSource":{"bucket":"gcf-v2-sources-1502033749-asia-south1","object":"sendDailyTodoReport/function-source.zip","generation":"1789678408855115"}},"dockerRegistry":"ARTIFACT_REGISTRY","serviceAccount":"projects/mtc-sync/serviceAccounts/1502033749-compute@developer.gserviceaccount.com","automaticUpdatePolicy":{}},"serviceConfig":{"service":"projects/mtc-sync/locations/asia-south1/services/senddailytodoreport","timeoutSeconds":60,"environmentVariables":{"FIREBASE_CONFIG":"{\"projectId\":\"mtc-sync\",\"storageBucket\":\"mtc-sync.firebasestorage.app\"}","GCLOUD_PROJECT":"mtc-sync","EVENTARC_CLOUD_EVENT_SOURCE":"projects/mtc-sync/locations/asia-south1/services/sendDailyTodoReport","FUNCTION_TARGET":"sendDailyTodoReport","LOG_EXECUTION_ID":"true","FUNCTION_SIGNATURE_TYPE":"http","FUNCTION_REGION":"asia-south1"},"maxInstanceCount":20,"ingressSettings":"ALLOW_ALL","uri":"https://senddailytodoreport-dsuajo6hsa-el.a.run.app","serviceAccountEmail":"1502033749-compute@developer.gserviceaccount.com","availableMemory":"256Mi","allTrafficOnLatestRevision":true,"revision":"senddailytodoreport-00022-mel","maxInstanceRequestConcurrency":80,"availableCpu":"1"},"state":"ACTIVE","updateTime":"2026-09-17T20:54:22.995775095Z","labels":{"deployment-tool":"cli-firebase","deployment-scheduled":"true","firebase-functions-hash":"efc51cded68ac98076878202ef9ec5bb79fe2b12"},"environment":"GEN_2","url":"https://asia-south1-mtc-sync.cloudfunctions.net/sendDailyTodoReport","satisfiesPzs":true,"createTime":"2025-11-24T07:03:51.362393208Z","satisfiesPzi":true},{"name":"projects/mtc-sync/locations/asia-south1/functions/sendLeadAssignmentNotification","buildConfig":{"build":"projects/1502033749/locations/asia-south1/builds/636401d0-1206-449e-b254-8b02b8b6cc9f","runtime":"nodejs22","entryPoint":"sendLeadAssignmentNotification","source":{"storageSource":{"bucket":"gcf-v2-sources-1502033749-asia-south1","object":"sendLeadAssignmentNotification/function-source.zip","generation":"1790024512389943"}},"environmentVariables":{"GOOGLE_NODE_RUN_SCRIPTS":""},"dockerRepository":"projects/mtc-sync/locations/asia-south1/repositories/gcf-artifacts","sourceProvenance":{"resolvedStorageSource":{"bucket":"gcf-v2-sources-1502033749-asia-south1","object":"sendLeadAssignmentNotification/function-source.zip","generation":"1790024512389943"}},"dockerRegistry":"ARTIFACT_REGISTRY","serviceAccount":"projects/mtc-sync/serviceAccounts/1502033749-compute@developer.gserviceaccount.com","automaticUpdatePolicy":{}},"serviceConfig":{"service":"projects/mtc-sync/locations/asia-south1/services/sendleadassignmentnotification","timeoutSeconds":60,"environmentVariables":{"FIREBASE_CONFIG":"{\"projectId\":\"mtc-sync\",\"storageBucket\":\"mtc-sync.firebasestorage.app\"}","GCLOUD_PROJECT":"mtc-sync","EVENTARC_CLOUD_EVENT_SOURCE":"projects/mtc-sync/locations/asia-south1/services/sendLeadAssignmentNotification","FUNCTION_TARGET":"sendLeadAssignmentNotification","LOG_EXECUTION_ID":"true","FUNCTION_SIGNATURE_TYPE":"http","FUNCTION_REGION":"asia-south1"},"maxInstanceCount":20,"ingressSettings":"ALLOW_ALL","uri":"https://sendleadassignmentnotification-dsuajo6hsa-el.a.run.app","serviceAccountEmail":"1502033749-compute@developer.gserviceaccount.com","availableMemory":"256Mi","allTrafficOnLatestRevision":true,"revision":"sendleadassignmentnotification-00011-liz","maxInstanceRequestConcurrency":80,"availableCpu":"1"},"state":"ACTIVE","updateTime":"2026-09-21T21:02:57.254805493Z","labels":{"deployment-tool":"cli-firebase","deployment-callable":"true","firebase-functions-hash":"4ccfc7102d406683eb0c8a123510083b01e6cee7"},"environment":"GEN_2","url":"https://asia-south1-mtc-sync.cloudfunctions.net/sendLeadAssignmentNotification","satisfiesPzs":true,"createTime":"2026-03-17T13:16:41.091033626Z","satisfiesPzi":true},{"name":"projects/mtc-sync/locations/asia-south1/functions/resetCustomerTargetsMonthly","buildConfig":{"build":"projects/1502033749/locations/asia-south1/builds/5a690d7e-6972-48ce-ad8b-1a036b67f935","runtime":"nodejs22","entryPoint":"resetCustomerTargetsMonthly","source":{"storageSource":{"bucket":"gcf-v2-sources-1502033749-asia-south1","object":"resetCustomerTargetsMonthly/function-source.zip","generation":"1788938782904192"}},"environmentVariables":{"GOOGLE_NODE_RUN_SCRIPTS":""},"dockerRepository":"projects/mtc-sync/locations/asia-south1/repositories/gcf-artifacts","sourceProvenance":{"resolvedStorageSource":{"bucket":"gcf-v2-sources-1502033749-asia-south1","object":"resetCustomerTargetsMonthly/function-source.zip","generation":"1788938782904192"}},"dockerRegistry":"ARTIFACT_REGISTRY","serviceAccount":"projects/mtc-sync/serviceAccounts/1502033749-compute@developer.gserviceaccount.com","automaticUpdatePolicy":{}},"serviceConfig":{"service":"projects/mtc-sync/locations/asia-south1/services/resetcustomertargetsmonthly","timeoutSeconds":60,"environmentVariables":{"FIREBASE_CONFIG":"{\"projectId\":\"mtc-sync\",\"storageBucket\":\"mtc-sync.firebasestorage.app\"}","GCLOUD_PROJECT":"mtc-sync","EVENTARC_CLOUD_EVENT_SOURCE":"projects/mtc-sync/locations/asia-south1/services/resetCustomerTargetsMonthly","FUNCTION_TARGET":"resetCustomerTargetsMonthly","LOG_EXECUTION_ID":"true","FUNCTION_SIGNATURE_TYPE":"http","FUNCTION_REGION":"asia-south1"},"maxInstanceCount":20,"ingressSettings":"ALLOW_ALL","uri":"https://resetcustomertargetsmonthly-dsuajo6hsa-el.a.run.app","serviceAccountEmail":"1502033749-compute@developer.gserviceaccount.com","availableMemory":"256Mi","allTrafficOnLatestRevision":true,"revision":"resetcustomertargetsmonthly-00008-qaf","maxInstanceRequestConcurrency":80,"availableCpu":"1"},"state":"ACTIVE","updateTime":"2026-09-09T07:26:31.607228915Z","labels":{"deployment-tool":"cli-firebase","deployment-scheduled":"true","firebase-functions-hash":"fa25c43272afad05fc0bb097167a31eaaf2237e6"},"environment":"GEN_2","url":"https://asia-south1-mtc-sync.cloudfunctions.net/resetCustomerTargetsMonthly","satisfiesPzs":true,"createTime":"2026-02-03T15:00:12.559650568Z","satisfiesPzi":true}]}
[info] i  extensions: ensuring required API firebaseextensions.googleapis.com is enabled... 
[debug] [2026-09-27T17:47:11.979Z] > command requires scopes: ["email","openid","https://www.googleapis.com/auth/cloudplatformprojects.readonly","https://www.googleapis.com/auth/firebase","https://www.googleapis.com/auth/cloud-platform"]
[debug] [2026-09-27T17:47:11.979Z] > authorizing via signed-in user (crmmalabar@gmail.com)
[debug] [2026-09-27T17:47:11.979Z] [iam] checking project mtc-sync for permissions ["firebase.projects.get","firebaseextensions.instances.list"]
[debug] [2026-09-27T17:47:11.979Z] Checked if tokens are valid: true, expires at: 1790534813275
[debug] [2026-09-27T17:47:11.979Z] Checked if tokens are valid: true, expires at: 1790534813275
[debug] [2026-09-27T17:47:11.979Z] >>> [apiv2][query] POST https://cloudresourcemanager.googleapis.com/v1/projects/mtc-sync:testIamPermissions [none]
[debug] [2026-09-27T17:47:11.979Z] >>> [apiv2][(partial)header] POST https://cloudresourcemanager.googleapis.com/v1/projects/mtc-sync:testIamPermissions  x-goog-user-project=mtc-sync
[debug] [2026-09-27T17:47:11.979Z] >>> [apiv2][body] POST https://cloudresourcemanager.googleapis.com/v1/projects/mtc-sync:testIamPermissions {"permissions":["firebase.projects.get","firebaseextensions.instances.list"]}
[debug] [2026-09-27T17:47:13.324Z] <<< [apiv2][status] POST https://cloudresourcemanager.googleapis.com/v1/projects/mtc-sync:testIamPermissions 200
[debug] [2026-09-27T17:47:13.324Z] <<< [apiv2][body] POST https://cloudresourcemanager.googleapis.com/v1/projects/mtc-sync:testIamPermissions {"permissions":["firebase.projects.get","firebaseextensions.instances.list"]}
[debug] [2026-09-27T17:47:13.325Z] Checked if tokens are valid: true, expires at: 1790534813275
[debug] [2026-09-27T17:47:13.325Z] Checked if tokens are valid: true, expires at: 1790534813275
[debug] [2026-09-27T17:47:13.325Z] >>> [apiv2][query] GET https://firebaseextensions.googleapis.com/v1beta/projects/mtc-sync/instances pageSize=100&pageToken=
[debug] [2026-09-27T17:47:14.958Z] <<< [apiv2][status] GET https://firebaseextensions.googleapis.com/v1beta/projects/mtc-sync/instances 200
[debug] [2026-09-27T17:47:14.958Z] <<< [apiv2][body] GET https://firebaseextensions.googleapis.com/v1beta/projects/mtc-sync/instances {}
[debug] [2026-09-27T17:47:14.958Z] Attempting to merge .env secret bindings {} into declared secrets...)}
[debug] [2026-09-27T17:47:14.958Z] deleteUserFromAuth declared secrets: undefined
[debug] [2026-09-27T17:47:14.958Z] sendDailyTodoReport declared secrets: undefined
[debug] [2026-09-27T17:47:14.958Z] resetCustomerTargetsMonthly declared secrets: undefined
[debug] [2026-09-27T17:47:14.958Z] sendLeadAssignmentNotification declared secrets: undefined
[info] i  functions: preparing functions directory for uploading... 
[info] i  functions: packaged C:\Users\MN20\Desktop\MTCSYNC\functions (109.89 KB) for uploading 
[info] i  functions: ensuring required API cloudscheduler.googleapis.com is enabled... 
[info] i  functions: ensuring required API run.googleapis.com is enabled... 
[info] i  functions: ensuring required API eventarc.googleapis.com is enabled... 
[info] i  functions: ensuring required API pubsub.googleapis.com is enabled... 
[info] i  functions: ensuring required API storage.googleapis.com is enabled... 
[info] i  functions: generating the service identity for pubsub.googleapis.com... 
[debug] [2026-09-27T17:47:14.982Z] Checked if tokens are valid: true, expires at: 1790534813275
[debug] [2026-09-27T17:47:14.982Z] Checked if tokens are valid: true, expires at: 1790534813275
[info] i  functions: generating the service identity for eventarc.googleapis.com... 
[debug] [2026-09-27T17:47:14.982Z] Checked if tokens are valid: true, expires at: 1790534813275
[debug] [2026-09-27T17:47:14.982Z] Checked if tokens are valid: true, expires at: 1790534813275
[debug] [2026-09-27T17:47:14.982Z] >>> [apiv2][query] POST https://serviceusage.googleapis.com/v1beta1/projects/1502033749/services/pubsub.googleapis.com:generateServiceIdentity [none]
[debug] [2026-09-27T17:47:14.982Z] >>> [apiv2][(partial)header] POST https://serviceusage.googleapis.com/v1beta1/projects/1502033749/services/pubsub.googleapis.com:generateServiceIdentity  x-goog-user-project=1502033749
[debug] [2026-09-27T17:47:14.982Z] >>> [apiv2][body] POST https://serviceusage.googleapis.com/v1beta1/projects/1502033749/services/pubsub.googleapis.com:generateServiceIdentity {}
[debug] [2026-09-27T17:47:14.982Z] >>> [apiv2][query] POST https://serviceusage.googleapis.com/v1beta1/projects/1502033749/services/eventarc.googleapis.com:generateServiceIdentity [none]
[debug] [2026-09-27T17:47:14.982Z] >>> [apiv2][(partial)header] POST https://serviceusage.googleapis.com/v1beta1/projects/1502033749/services/eventarc.googleapis.com:generateServiceIdentity  x-goog-user-project=1502033749
[debug] [2026-09-27T17:47:14.982Z] >>> [apiv2][body] POST https://serviceusage.googleapis.com/v1beta1/projects/1502033749/services/eventarc.googleapis.com:generateServiceIdentity {}
[debug] [2026-09-27T17:47:15.806Z] <<< [apiv2][status] POST https://serviceusage.googleapis.com/v1beta1/projects/1502033749/services/eventarc.googleapis.com:generateServiceIdentity 200
[debug] [2026-09-27T17:47:15.807Z] <<< [apiv2][body] POST https://serviceusage.googleapis.com/v1beta1/projects/1502033749/services/eventarc.googleapis.com:generateServiceIdentity {"name":"operations/finished.DONE_OPERATION","done":true,"response":{"@type":"type.googleapis.com/google.api.serviceusage.v1beta1.ServiceIdentity","email":"service-1502033749@gcp-sa-eventarc.iam.gserviceaccount.com","uniqueId":"108227950549648333255"}}
[debug] [2026-09-27T17:47:16.748Z] <<< [apiv2][status] POST https://serviceusage.googleapis.com/v1beta1/projects/1502033749/services/pubsub.googleapis.com:generateServiceIdentity 200
[debug] [2026-09-27T17:47:16.748Z] <<< [apiv2][body] POST https://serviceusage.googleapis.com/v1beta1/projects/1502033749/services/pubsub.googleapis.com:generateServiceIdentity {"name":"operations/finished.DONE_OPERATION","done":true,"response":{"@type":"type.googleapis.com/google.api.serviceusage.v1beta1.ServiceIdentity","email":"service-1502033749@gcp-sa-pubsub.iam.gserviceaccount.com","uniqueId":"118074599058942383663"}}
[debug] [2026-09-27T17:47:16.750Z] Checked if tokens are valid: true, expires at: 1790534813275
[debug] [2026-09-27T17:47:16.750Z] Checked if tokens are valid: true, expires at: 1790534813275
[debug] [2026-09-27T17:47:16.750Z] >>> [apiv2][query] GET https://cloudbilling.googleapis.com/v1/projects/mtc-sync/billingInfo [none]
[debug] [2026-09-27T17:47:16.750Z] >>> [apiv2][(partial)header] GET https://cloudbilling.googleapis.com/v1/projects/mtc-sync/billingInfo  x-goog-user-project=mtc-sync
[debug] [2026-09-27T17:47:17.396Z] <<< [apiv2][status] GET https://cloudbilling.googleapis.com/v1/projects/mtc-sync/billingInfo 200
[debug] [2026-09-27T17:47:17.396Z] <<< [apiv2][body] GET https://cloudbilling.googleapis.com/v1/projects/mtc-sync/billingInfo {"name":"projects/mtc-sync/billingInfo","projectId":"mtc-sync","billingAccountName":"billingAccounts/012A3D-75BEF9-C3853D","billingEnabled":true}
[debug] [2026-09-27T17:47:17.396Z] Checked if tokens are valid: true, expires at: 1790534813275
[debug] [2026-09-27T17:47:17.397Z] Checked if tokens are valid: true, expires at: 1790534813275
[debug] [2026-09-27T17:47:17.397Z] >>> [apiv2][query] POST https://cloudfunctions.googleapis.com/v2/projects/mtc-sync/locations/asia-south1/functions:generateUploadUrl [none]
[debug] [2026-09-27T17:47:20.183Z] <<< [apiv2][status] POST https://cloudfunctions.googleapis.com/v2/projects/mtc-sync/locations/asia-south1/functions:generateUploadUrl 200
[debug] [2026-09-27T17:47:20.184Z] <<< [apiv2][body] POST https://cloudfunctions.googleapis.com/v2/projects/mtc-sync/locations/asia-south1/functions:generateUploadUrl {"uploadUrl":"https://storage.googleapis.com/gcf-v2-uploads-1502033749.asia-south1.cloudfunctions.appspot.com/abb3eb4f-af85-493e-af12-a89e5d98fc8b.zip?GoogleAccessId=service-1502033749@gcf-admin-robot.iam.gserviceaccount.com&Expires=1790533042&Signature=jQnfLWn2Hhb0rGxZGAMCsHtqfqwOE4FmcMVMUS9ZoUCLm2cbeHrBzkit5XvGY5Sqi%2BNRJMUYHcElIubexXF9ahptz%2BHfDCnSeDVyH%2BTJZ%2FGUsxcs83dIaqWp6Z3%2BWoPLaumXW3lrdixkK%2BzezoEUHQGQiN8%2FBotLMAGmF9mIZiIwR%2BH97F%2BURooKOTXaux0u09lMsQ6VgZ%2BgMiRRF6goVybjHFUwiZgzxEKTi4hf9Iy4bLgZDXCMCQSuLneCbzJxobp046CAPmMc6jFBcxLAh3oljkkTkdh0yoIeEstOqx1WYjl77kJWbXNVoVKwNs7WRnRdwIi15OlTWR1SdmpW4A%3D%3D","storageSource":{"bucket":"gcf-v2-uploads-1502033749.asia-south1.cloudfunctions.appspot.com","object":"abb3eb4f-af85-493e-af12-a89e5d98fc8b.zip"}}
[debug] [2026-09-27T17:47:20.184Z] >>> [apiv2][query] PUT https://storage.googleapis.com/gcf-v2-uploads-1502033749.asia-south1.cloudfunctions.appspot.com/abb3eb4f-af85-493e-af12-a89e5d98fc8b.zip GoogleAccessId=service-1502033749%40gcf-admin-robot.iam.gserviceaccount.com&Expires=1790533042&Signature=jQnfLWn2Hhb0rGxZGAMCsHtqfqwOE4FmcMVMUS9ZoUCLm2cbeHrBzkit5XvGY5Sqi%2BNRJMUYHcElIubexXF9ahptz%2BHfDCnSeDVyH%2BTJZ%2FGUsxcs83dIaqWp6Z3%2BWoPLaumXW3lrdixkK%2BzezoEUHQGQiN8%2FBotLMAGmF9mIZiIwR%2BH97F%2BURooKOTXaux0u09lMsQ6VgZ%2BgMiRRF6goVybjHFUwiZgzxEKTi4hf9Iy4bLgZDXCMCQSuLneCbzJxobp046CAPmMc6jFBcxLAh3oljkkTkdh0yoIeEstOqx1WYjl77kJWbXNVoVKwNs7WRnRdwIi15OlTWR1SdmpW4A%3D%3D
[debug] [2026-09-27T17:47:20.184Z] >>> [apiv2][body] PUT https://storage.googleapis.com/gcf-v2-uploads-1502033749.asia-south1.cloudfunctions.appspot.com/abb3eb4f-af85-493e-af12-a89e5d98fc8b.zip [stream]
[debug] [2026-09-27T17:47:24.870Z] <<< [apiv2][status] PUT https://storage.googleapis.com/gcf-v2-uploads-1502033749.asia-south1.cloudfunctions.appspot.com/abb3eb4f-af85-493e-af12-a89e5d98fc8b.zip 200
[debug] [2026-09-27T17:47:24.870Z] <<< [apiv2][body] PUT https://storage.googleapis.com/gcf-v2-uploads-1502033749.asia-south1.cloudfunctions.appspot.com/abb3eb4f-af85-493e-af12-a89e5d98fc8b.zip [omitted]
[info] +  functions: functions source uploaded successfully 
[info] i  functions: updating Node.js 22 (2nd Gen) function deleteUserFromAuth(asia-south1)... 
[info] i  functions: updating Node.js 22 (2nd Gen) function sendDailyTodoReport(asia-south1)... 
[info] i  functions: updating Node.js 22 (2nd Gen) function resetCustomerTargetsMonthly(asia-south1)... 
[info] i  functions: updating Node.js 22 (2nd Gen) function sendLeadAssignmentNotification(asia-south1)... 
[debug] [2026-09-27T17:47:24.873Z] Checked if tokens are valid: true, expires at: 1790534813275
[debug] [2026-09-27T17:47:24.873Z] Checked if tokens are valid: true, expires at: 1790534813275
[debug] [2026-09-27T17:47:24.873Z] >>> [apiv2][query] PATCH https://cloudfunctions.googleapis.com/v2/projects/mtc-sync/locations/asia-south1/functions/deleteUserFromAuth updateMask=name%2CbuildConfig.runtime%2CbuildConfig.entryPoint%2CbuildConfig.source.storageSource.bucket%2CbuildConfig.source.storageSource.object%2CbuildConfig.environmentVariables%2CserviceConfig.environmentVariables%2CserviceConfig.ingressSettings%2CserviceConfig.timeoutSeconds%2CserviceConfig.serviceAccountEmail%2CserviceConfig.availableMemory%2CserviceConfig.minInstanceCount%2CserviceConfig.maxInstanceCount%2CserviceConfig.maxInstanceRequestConcurrency%2CserviceConfig.availableCpu%2CserviceConfig.vpcConnector%2CserviceConfig.vpcConnectorEgressSettings%2CserviceConfig.directVpcNetworkInterface%2CserviceConfig.directVpcEgress%2Clabels
[debug] [2026-09-27T17:47:24.873Z] >>> [apiv2][body] PATCH https://cloudfunctions.googleapis.com/v2/projects/mtc-sync/locations/asia-south1/functions/deleteUserFromAuth {"name":"projects/mtc-sync/locations/asia-south1/functions/deleteUserFromAuth","buildConfig":{"runtime":"nodejs22","entryPoint":"deleteUserFromAuth","source":{"storageSource":{"bucket":"gcf-v2-uploads-1502033749.asia-south1.cloudfunctions.appspot.com","object":"abb3eb4f-af85-493e-af12-a89e5d98fc8b.zip"}},"environmentVariables":{"GOOGLE_NODE_RUN_SCRIPTS":""}},"serviceConfig":{"environmentVariables":{"FIREBASE_CONFIG":"{\"projectId\":\"mtc-sync\",\"storageBucket\":\"mtc-sync.firebasestorage.app\"}","GCLOUD_PROJECT":"mtc-sync","EVENTARC_CLOUD_EVENT_SOURCE":"projects/mtc-sync/locations/asia-south1/services/deleteUserFromAuth","FUNCTION_TARGET":"deleteUserFromAuth","LOG_EXECUTION_ID":"true","FUNCTION_SIGNATURE_TYPE":"http","FUNCTION_REGION":"asia-south1"},"ingressSettings":null,"timeoutSeconds":null,"serviceAccountEmail":null,"availableMemory":"256Mi","minInstanceCount":null,"maxInstanceCount":null,"maxInstanceRequestConcurrency":80,"availableCpu":"1","vpcConnector":null,"vpcConnectorEgressSettings":null,"directVpcNetworkInterface":null,"directVpcEgress":null},"labels":{"deployment-tool":"cli-firebase","deployment-callable":"true","firebase-functions-hash":"8843ec8ced9b1e4ce29306841c033d59a7f612f3"}}
[debug] [2026-09-27T17:47:28.915Z] <<< [apiv2][status] PATCH https://cloudfunctions.googleapis.com/v2/projects/mtc-sync/locations/asia-south1/functions/deleteUserFromAuth 200
[debug] [2026-09-27T17:47:28.915Z] <<< [apiv2][body] PATCH https://cloudfunctions.googleapis.com/v2/projects/mtc-sync/locations/asia-south1/functions/deleteUserFromAuth {"name":"projects/mtc-sync/locations/asia-south1/operations/operation-1790531249585-65c7a8b173cb4-c1f00fad-ab36c91b","metadata":{"@type":"type.googleapis.com/google.cloud.functions.v2.OperationMetadata","createTime":"2026-09-27T17:47:31.072234831Z","target":"projects/mtc-sync/locations/asia-south1/functions/deleteUserFromAuth","verb":"update","cancelRequested":false,"apiVersion":"v2"},"done":false}
[debug] [2026-09-27T17:47:28.915Z] Checked if tokens are valid: true, expires at: 1790534813275
[debug] [2026-09-27T17:47:28.915Z] Checked if tokens are valid: true, expires at: 1790534813275
[debug] [2026-09-27T17:47:28.915Z] >>> [apiv2][query] GET https://cloudfunctions.googleapis.com/v2/projects/mtc-sync/locations/asia-south1/operations/operation-1790531249585-65c7a8b173cb4-c1f00fad-ab36c91b [none]
[debug] [2026-09-27T17:47:31.350Z] <<< [apiv2][status] GET https://cloudfunctions.googleapis.com/v2/projects/mtc-sync/locations/asia-south1/operations/operation-1790531249585-65c7a8b173cb4-c1f00fad-ab36c91b 200
[debug] [2026-09-27T17:47:31.350Z] <<< [apiv2][body] GET https://cloudfunctions.googleapis.com/v2/projects/mtc-sync/locations/asia-south1/operations/operation-1790531249585-65c7a8b173cb4-c1f00fad-ab36c91b {"name":"projects/mtc-sync/locations/asia-south1/operations/operation-1790531249585-65c7a8b173cb4-c1f00fad-ab36c91b","metadata":{"@type":"type.googleapis.com/google.cloud.functions.v2.OperationMetadata","createTime":"2026-09-27T17:47:31.072234831Z","target":"projects/mtc-sync/locations/asia-south1/functions/deleteUserFromAuth","verb":"update","cancelRequested":false,"apiVersion":"v2","requestResource":{"@type":"type.googleapis.com/google.cloud.functions.v2.Function","name":"projects/mtc-sync/locations/asia-south1/functions/deleteUserFromAuth","buildConfig":{"runtime":"nodejs22","entryPoint":"deleteUserFromAuth","source":{"storageSource":{"bucket":"gcf-v2-sources-1502033749-asia-south1","object":"deleteUserFromAuth/function-source.zip","generation":"1790531251028497"}},"environmentVariables":{"GOOGLE_NODE_RUN_SCRIPTS":""},"dockerRepository":"projects/mtc-sync/locations/asia-south1/repositories/gcf-artifacts","sourceProvenance":{"resolvedStorageSource":{"bucket":"gcf-v2-sources-1502033749-asia-south1","object":"deleteUserFromAuth/function-source.zip","generation":"1788938733621992"}},"dockerRegistry":"ARTIFACT_REGISTRY","serviceAccount":"projects/mtc-sync/serviceAccounts/1502033749-compute@developer.gserviceaccount.com","automaticUpdatePolicy":{}},"serviceConfig":{"service":"projects/mtc-sync/locations/asia-south1/services/deleteuserfromauth","timeoutSeconds":60,"environmentVariables":{"FIREBASE_CONFIG":"{\"projectId\":\"mtc-sync\",\"storageBucket\":\"mtc-sync.firebasestorage.app\"}","GCLOUD_PROJECT":"mtc-sync","EVENTARC_CLOUD_EVENT_SOURCE":"projects/mtc-sync/locations/asia-south1/services/deleteUserFromAuth","FUNCTION_TARGET":"deleteUserFromAuth","LOG_EXECUTION_ID":"true","FUNCTION_SIGNATURE_TYPE":"http","FUNCTION_REGION":"asia-south1"},"ingressSettings":"ALLOW_ALL","uri":"https://deleteuserfromauth-dsuajo6hsa-el.a.run.app","serviceAccountEmail":"1502033749-compute@developer.gserviceaccount.com","availableMemory":"256Mi","allTrafficOnLatestRevision":true,"revision":"deleteuserfromauth-00016-pag","maxInstanceRequestConcurrency":80,"availableCpu":"1"},"state":"ACTIVE","labels":{"deployment-tool":"cli-firebase","deployment-callable":"true","firebase-functions-hash":"8843ec8ced9b1e4ce29306841c033d59a7f612f3"},"environment":"GEN_2","url":"https://asia-south1-mtc-sync.cloudfunctions.net/deleteUserFromAuth","satisfiesPzs":true,"satisfiesPzi":true},"stages":[{"name":"BUILD","message":"Build in progress","state":"IN_PROGRESS","resource":"projects/1502033749/locations/asia-south1/builds/c6e7f241-cad9-4d86-a5af-dca8f45c7b13","resourceUri":"https://console.cloud.google.com/cloud-build/builds;region=asia-south1/c6e7f241-cad9-4d86-a5af-dca8f45c7b13?project=1502033749"},{"name":"SERVICE","state":"NOT_STARTED"}],"operationType":"UPDATE_FUNCTION","buildName":"projects/1502033749/locations/asia-south1/builds/c6e7f241-cad9-4d86-a5af-dca8f45c7b13"},"done":false}
[debug] [2026-09-27T17:47:31.850Z] [update-default-asia-south1-deleteUserFromAuth] Retrying task index 0
[debug] [2026-09-27T17:47:31.850Z] Checked if tokens are valid: true, expires at: 1790534813275
[debug] [2026-09-27T17:47:31.850Z] Checked if tokens are valid: true, expires at: 1790534813275
[debug] [2026-09-27T17:47:31.850Z] >>> [apiv2][query] GET https://cloudfunctions.googleapis.com/v2/projects/mtc-sync/locations/asia-south1/operations/operation-1790531249585-65c7a8b173cb4-c1f00fad-ab36c91b [none]
[debug] [2026-09-27T17:47:34.275Z] <<< [apiv2][status] GET https://cloudfunctions.googleapis.com/v2/projects/mtc-sync/locations/asia-south1/operations/operation-1790531249585-65c7a8b173cb4-c1f00fad-ab36c91b 200
[debug] [2026-09-27T17:47:34.275Z] <<< [apiv2][body] GET https://cloudfunctions.googleapis.com/v2/projects/mtc-sync/locations/asia-south1/operations/operation-1790531249585-65c7a8b173cb4-c1f00fad-ab36c91b {"name":"projects/mtc-sync/locations/asia-south1/operations/operation-1790531249585-65c7a8b173cb4-c1f00fad-ab36c91b","metadata":{"@type":"type.googleapis.com/google.cloud.functions.v2.OperationMetadata","createTime":"2026-09-27T17:47:31.072234831Z","target":"projects/mtc-sync/locations/asia-south1/functions/deleteUserFromAuth","verb":"update","cancelRequested":false,"apiVersion":"v2","requestResource":{"@type":"type.googleapis.com/google.cloud.functions.v2.Function","name":"projects/mtc-sync/locations/asia-south1/functions/deleteUserFromAuth","buildConfig":{"runtime":"nodejs22","entryPoint":"deleteUserFromAuth","source":{"storageSource":{"bucket":"gcf-v2-sources-1502033749-asia-south1","object":"deleteUserFromAuth/function-source.zip","generation":"1790531251028497"}},"environmentVariables":{"GOOGLE_NODE_RUN_SCRIPTS":""},"dockerRepository":"projects/mtc-sync/locations/asia-south1/repositories/gcf-artifacts","sourceProvenance":{"resolvedStorageSource":{"bucket":"gcf-v2-sources-1502033749-asia-south1","object":"deleteUserFromAuth/function-source.zip","generation":"1788938733621992"}},"dockerRegistry":"ARTIFACT_REGISTRY","serviceAccount":"projects/mtc-sync/serviceAccounts/1502033749-compute@developer.gserviceaccount.com","automaticUpdatePolicy":{}},"serviceConfig":{"service":"projects/mtc-sync/locations/asia-south1/services/deleteuserfromauth","timeoutSeconds":60,"environmentVariables":{"FIREBASE_CONFIG":"{\"projectId\":\"mtc-sync\",\"storageBucket\":\"mtc-sync.firebasestorage.app\"}","GCLOUD_PROJECT":"mtc-sync","EVENTARC_CLOUD_EVENT_SOURCE":"projects/mtc-sync/locations/asia-south1/services/deleteUserFromAuth","FUNCTION_TARGET":"deleteUserFromAuth","LOG_EXECUTION_ID":"true","FUNCTION_SIGNATURE_TYPE":"http","FUNCTION_REGION":"asia-south1"},"ingressSettings":"ALLOW_ALL","uri":"https://deleteuserfromauth-dsuajo6hsa-el.a.run.app","serviceAccountEmail":"1502033749-compute@developer.gserviceaccount.com","availableMemory":"256Mi","allTrafficOnLatestRevision":true,"revision":"deleteuserfromauth-00016-pag","maxInstanceRequestConcurrency":80,"availableCpu":"1"},"state":"ACTIVE","labels":{"deployment-tool":"cli-firebase","deployment-callable":"true","firebase-functions-hash":"8843ec8ced9b1e4ce29306841c033d59a7f612f3"},"environment":"GEN_2","url":"https://asia-south1-mtc-sync.cloudfunctions.net/deleteUserFromAuth","satisfiesPzs":true,"satisfiesPzi":true},"stages":[{"name":"BUILD","message":"Build in progress","state":"IN_PROGRESS","resource":"projects/1502033749/locations/asia-south1/builds/c6e7f241-cad9-4d86-a5af-dca8f45c7b13","resourceUri":"https://console.cloud.google.com/cloud-build/builds;region=asia-south1/c6e7f241-cad9-4d86-a5af-dca8f45c7b13?project=1502033749"},{"name":"SERVICE","state":"NOT_STARTED"}],"operationType":"UPDATE_FUNCTION","buildName":"projects/1502033749/locations/asia-south1/builds/c6e7f241-cad9-4d86-a5af-dca8f45c7b13"},"done":false}
[debug] [2026-09-27T17:47:35.284Z] [update-default-asia-south1-deleteUserFromAuth] Retrying task index 0
[debug] [2026-09-27T17:47:35.284Z] Checked if tokens are valid: true, expires at: 1790534813275
[debug] [2026-09-27T17:47:35.284Z] Checked if tokens are valid: true, expires at: 1790534813275
[debug] [2026-09-27T17:47:35.285Z] >>> [apiv2][query] GET https://cloudfunctions.googleapis.com/v2/projects/mtc-sync/locations/asia-south1/operations/operation-1790531249585-65c7a8b173cb4-c1f00fad-ab36c91b [none]
[debug] [2026-09-27T17:47:37.667Z] <<< [apiv2][status] GET https://cloudfunctions.googleapis.com/v2/projects/mtc-sync/locations/asia-south1/operations/operation-1790531249585-65c7a8b173cb4-c1f00fad-ab36c91b 200
[debug] [2026-09-27T17:47:37.667Z] <<< [apiv2][body] GET https://cloudfunctions.googleapis.com/v2/projects/mtc-sync/locations/asia-south1/operations/operation-1790531249585-65c7a8b173cb4-c1f00fad-ab36c91b {"name":"projects/mtc-sync/locations/asia-south1/operations/operation-1790531249585-65c7a8b173cb4-c1f00fad-ab36c91b","metadata":{"@type":"type.googleapis.com/google.cloud.functions.v2.OperationMetadata","createTime":"2026-09-27T17:47:31.072234831Z","target":"projects/mtc-sync/locations/asia-south1/functions/deleteUserFromAuth","verb":"update","cancelRequested":false,"apiVersion":"v2","requestResource":{"@type":"type.googleapis.com/google.cloud.functions.v2.Function","name":"projects/mtc-sync/locations/asia-south1/functions/deleteUserFromAuth","buildConfig":{"runtime":"nodejs22","entryPoint":"deleteUserFromAuth","source":{"storageSource":{"bucket":"gcf-v2-sources-1502033749-asia-south1","object":"deleteUserFromAuth/function-source.zip","generation":"1790531251028497"}},"environmentVariables":{"GOOGLE_NODE_RUN_SCRIPTS":""},"dockerRepository":"projects/mtc-sync/locations/asia-south1/repositories/gcf-artifacts","sourceProvenance":{"resolvedStorageSource":{"bucket":"gcf-v2-sources-1502033749-asia-south1","object":"deleteUserFromAuth/function-source.zip","generation":"1788938733621992"}},"dockerRegistry":"ARTIFACT_REGISTRY","serviceAccount":"projects/mtc-sync/serviceAccounts/1502033749-compute@developer.gserviceaccount.com","automaticUpdatePolicy":{}},"serviceConfig":{"service":"projects/mtc-sync/locations/asia-south1/services/deleteuserfromauth","timeoutSeconds":60,"environmentVariables":{"FIREBASE_CONFIG":"{\"projectId\":\"mtc-sync\",\"storageBucket\":\"mtc-sync.firebasestorage.app\"}","GCLOUD_PROJECT":"mtc-sync","EVENTARC_CLOUD_EVENT_SOURCE":"projects/mtc-sync/locations/asia-south1/services/deleteUserFromAuth","FUNCTION_TARGET":"deleteUserFromAuth","LOG_EXECUTION_ID":"true","FUNCTION_SIGNATURE_TYPE":"http","FUNCTION_REGION":"asia-south1"},"ingressSettings":"ALLOW_ALL","uri":"https://deleteuserfromauth-dsuajo6hsa-el.a.run.app","serviceAccountEmail":"1502033749-compute@developer.gserviceaccount.com","availableMemory":"256Mi","allTrafficOnLatestRevision":true,"revision":"deleteuserfromauth-00016-pag","maxInstanceRequestConcurrency":80,"availableCpu":"1"},"state":"ACTIVE","labels":{"deployment-tool":"cli-firebase","deployment-callable":"true","firebase-functions-hash":"8843ec8ced9b1e4ce29306841c033d59a7f612f3"},"environment":"GEN_2","url":"https://asia-south1-mtc-sync.cloudfunctions.net/deleteUserFromAuth","satisfiesPzs":true,"satisfiesPzi":true},"stages":[{"name":"BUILD","message":"Build in progress","state":"IN_PROGRESS","resource":"projects/1502033749/locations/asia-south1/builds/c6e7f241-cad9-4d86-a5af-dca8f45c7b13","resourceUri":"https://console.cloud.google.com/cloud-build/builds;region=asia-south1/c6e7f241-cad9-4d86-a5af-dca8f45c7b13?project=1502033749"},{"name":"SERVICE","state":"NOT_STARTED"}],"operationType":"UPDATE_FUNCTION","buildName":"projects/1502033749/locations/asia-south1/builds/c6e7f241-cad9-4d86-a5af-dca8f45c7b13"},"done":false}
[debug] [2026-09-27T17:47:39.676Z] [update-default-asia-south1-deleteUserFromAuth] Retrying task index 0
[debug] [2026-09-27T17:47:39.676Z] Checked if tokens are valid: true, expires at: 1790534813275
[debug] [2026-09-27T17:47:39.676Z] Checked if tokens are valid: true, expires at: 1790534813275
[debug] [2026-09-27T17:47:39.676Z] >>> [apiv2][query] GET https://cloudfunctions.googleapis.com/v2/projects/mtc-sync/locations/asia-south1/operations/operation-1790531249585-65c7a8b173cb4-c1f00fad-ab36c91b [none]
[debug] [2026-09-27T17:47:42.107Z] <<< [apiv2][status] GET https://cloudfunctions.googleapis.com/v2/projects/mtc-sync/locations/asia-south1/operations/operation-1790531249585-65c7a8b173cb4-c1f00fad-ab36c91b 200
[debug] [2026-09-27T17:47:42.107Z] <<< [apiv2][body] GET https://cloudfunctions.googleapis.com/v2/projects/mtc-sync/locations/asia-south1/operations/operation-1790531249585-65c7a8b173cb4-c1f00fad-ab36c91b {"name":"projects/mtc-sync/locations/asia-south1/operations/operation-1790531249585-65c7a8b173cb4-c1f00fad-ab36c91b","metadata":{"@type":"type.googleapis.com/google.cloud.functions.v2.OperationMetadata","createTime":"2026-09-27T17:47:31.072234831Z","target":"projects/mtc-sync/locations/asia-south1/functions/deleteUserFromAuth","verb":"update","cancelRequested":false,"apiVersion":"v2","requestResource":{"@type":"type.googleapis.com/google.cloud.functions.v2.Function","name":"projects/mtc-sync/locations/asia-south1/functions/deleteUserFromAuth","buildConfig":{"runtime":"nodejs22","entryPoint":"deleteUserFromAuth","source":{"storageSource":{"bucket":"gcf-v2-sources-1502033749-asia-south1","object":"deleteUserFromAuth/function-source.zip","generation":"1790531251028497"}},"environmentVariables":{"GOOGLE_NODE_RUN_SCRIPTS":""},"dockerRepository":"projects/mtc-sync/locations/asia-south1/repositories/gcf-artifacts","sourceProvenance":{"resolvedStorageSource":{"bucket":"gcf-v2-sources-1502033749-asia-south1","object":"deleteUserFromAuth/function-source.zip","generation":"1788938733621992"}},"dockerRegistry":"ARTIFACT_REGISTRY","serviceAccount":"projects/mtc-sync/serviceAccounts/1502033749-compute@developer.gserviceaccount.com","automaticUpdatePolicy":{}},"serviceConfig":{"service":"projects/mtc-sync/locations/asia-south1/services/deleteuserfromauth","timeoutSeconds":60,"environmentVariables":{"FIREBASE_CONFIG":"{\"projectId\":\"mtc-sync\",\"storageBucket\":\"mtc-sync.firebasestorage.app\"}","GCLOUD_PROJECT":"mtc-sync","EVENTARC_CLOUD_EVENT_SOURCE":"projects/mtc-sync/locations/asia-south1/services/deleteUserFromAuth","FUNCTION_TARGET":"deleteUserFromAuth","LOG_EXECUTION_ID":"true","FUNCTION_SIGNATURE_TYPE":"http","FUNCTION_REGION":"asia-south1"},"ingressSettings":"ALLOW_ALL","uri":"https://deleteuserfromauth-dsuajo6hsa-el.a.run.app","serviceAccountEmail":"1502033749-compute@developer.gserviceaccount.com","availableMemory":"256Mi","allTrafficOnLatestRevision":true,"revision":"deleteuserfromauth-00016-pag","maxInstanceRequestConcurrency":80,"availableCpu":"1"},"state":"ACTIVE","labels":{"deployment-tool":"cli-firebase","deployment-callable":"true","firebase-functions-hash":"8843ec8ced9b1e4ce29306841c033d59a7f612f3"},"environment":"GEN_2","url":"https://asia-south1-mtc-sync.cloudfunctions.net/deleteUserFromAuth","satisfiesPzs":true,"satisfiesPzi":true},"stages":[{"name":"BUILD","message":"Build in progress","state":"IN_PROGRESS","resource":"projects/1502033749/locations/asia-south1/builds/c6e7f241-cad9-4d86-a5af-dca8f45c7b13","resourceUri":"https://console.cloud.google.com/cloud-build/builds;region=asia-south1/c6e7f241-cad9-4d86-a5af-dca8f45c7b13?project=1502033749"},{"name":"SERVICE","state":"NOT_STARTED"}],"operationType":"UPDATE_FUNCTION","buildName":"projects/1502033749/locations/asia-south1/builds/c6e7f241-cad9-4d86-a5af-dca8f45c7b13"},"done":false}
[debug] [2026-09-27T17:47:46.120Z] [update-default-asia-south1-deleteUserFromAuth] Retrying task index 0
[debug] [2026-09-27T17:47:46.121Z] Checked if tokens are valid: true, expires at: 1790534813275
[debug] [2026-09-27T17:47:46.121Z] Checked if tokens are valid: true, expires at: 1790534813275
[debug] [2026-09-27T17:47:46.121Z] >>> [apiv2][query] GET https://cloudfunctions.googleapis.com/v2/projects/mtc-sync/locations/asia-south1/operations/operation-1790531249585-65c7a8b173cb4-c1f00fad-ab36c91b [none]
[debug] [2026-09-27T17:47:48.654Z] <<< [apiv2][status] GET https://cloudfunctions.googleapis.com/v2/projects/mtc-sync/locations/asia-south1/operations/operation-1790531249585-65c7a8b173cb4-c1f00fad-ab36c91b 200
[debug] [2026-09-27T17:47:48.654Z] <<< [apiv2][body] GET https://cloudfunctions.googleapis.com/v2/projects/mtc-sync/locations/asia-south1/operations/operation-1790531249585-65c7a8b173cb4-c1f00fad-ab36c91b {"name":"projects/mtc-sync/locations/asia-south1/operations/operation-1790531249585-65c7a8b173cb4-c1f00fad-ab36c91b","metadata":{"@type":"type.googleapis.com/google.cloud.functions.v2.OperationMetadata","createTime":"2026-09-27T17:47:31.072234831Z","target":"projects/mtc-sync/locations/asia-south1/functions/deleteUserFromAuth","verb":"update","cancelRequested":false,"apiVersion":"v2","requestResource":{"@type":"type.googleapis.com/google.cloud.functions.v2.Function","name":"projects/mtc-sync/locations/asia-south1/functions/deleteUserFromAuth","buildConfig":{"runtime":"nodejs22","entryPoint":"deleteUserFromAuth","source":{"storageSource":{"bucket":"gcf-v2-sources-1502033749-asia-south1","object":"deleteUserFromAuth/function-source.zip","generation":"1790531251028497"}},"environmentVariables":{"GOOGLE_NODE_RUN_SCRIPTS":""},"dockerRepository":"projects/mtc-sync/locations/asia-south1/repositories/gcf-artifacts","sourceProvenance":{"resolvedStorageSource":{"bucket":"gcf-v2-sources-1502033749-asia-south1","object":"deleteUserFromAuth/function-source.zip","generation":"1788938733621992"}},"dockerRegistry":"ARTIFACT_REGISTRY","serviceAccount":"projects/mtc-sync/serviceAccounts/1502033749-compute@developer.gserviceaccount.com","automaticUpdatePolicy":{}},"serviceConfig":{"service":"projects/mtc-sync/locations/asia-south1/services/deleteuserfromauth","timeoutSeconds":60,"environmentVariables":{"FIREBASE_CONFIG":"{\"projectId\":\"mtc-sync\",\"storageBucket\":\"mtc-sync.firebasestorage.app\"}","GCLOUD_PROJECT":"mtc-sync","EVENTARC_CLOUD_EVENT_SOURCE":"projects/mtc-sync/locations/asia-south1/services/deleteUserFromAuth","FUNCTION_TARGET":"deleteUserFromAuth","LOG_EXECUTION_ID":"true","FUNCTION_SIGNATURE_TYPE":"http","FUNCTION_REGION":"asia-south1"},"ingressSettings":"ALLOW_ALL","uri":"https://deleteuserfromauth-dsuajo6hsa-el.a.run.app","serviceAccountEmail":"1502033749-compute@developer.gserviceaccount.com","availableMemory":"256Mi","allTrafficOnLatestRevision":true,"revision":"deleteuserfromauth-00016-pag","maxInstanceRequestConcurrency":80,"availableCpu":"1"},"state":"ACTIVE","labels":{"deployment-tool":"cli-firebase","deployment-callable":"true","firebase-functions-hash":"8843ec8ced9b1e4ce29306841c033d59a7f612f3"},"environment":"GEN_2","url":"https://asia-south1-mtc-sync.cloudfunctions.net/deleteUserFromAuth","satisfiesPzs":true,"satisfiesPzi":true},"stages":[{"name":"BUILD","message":"Build in progress","state":"IN_PROGRESS","resource":"projects/1502033749/locations/asia-south1/builds/c6e7f241-cad9-4d86-a5af-dca8f45c7b13","resourceUri":"https://console.cloud.google.com/cloud-build/builds;region=asia-south1/c6e7f241-cad9-4d86-a5af-dca8f45c7b13?project=1502033749"},{"name":"SERVICE","state":"NOT_STARTED"}],"operationType":"UPDATE_FUNCTION","buildName":"projects/1502033749/locations/asia-south1/builds/c6e7f241-cad9-4d86-a5af-dca8f45c7b13"},"done":false}
